command_processing.c:263:6:infoPrepare	2560	static
command_processing.c:218:6:infoSend	2512	static
command_processing.c:622:6:infoReading	200	static
command_processing.c:230:6:infoGet	8	static
command_processing.c:680:6:prepare_counter_info	144	static
command_processing.c:736:6:commWrite	40	static
command_processing.c:765:9:LCRChecksum	8	static
command_processing.c:779:6:sendAcknowledgment	16	static
command_processing.c:798:9:memStore	24	static
command_processing.c:842:6:memRecall	16	static
command_processing.c:893:9:memInit	12	static
command_processing.c:1016:6:cmd_ping	16	static
command_processing.c:1030:6:cmd_store_params	8	static
command_processing.c:1038:6:cmd_get_imu_readings	1720	static
command_processing.c:1132:6:cmd_get_emg	16	static
command_processing.c:1150:10:value_swap	0	static
command_processing.c:1162:6:cmd_get_adc_raw	16	static
command_processing.c:1188:6:get_IMU_param_list	624	dynamic
command_processing.c:1547:6:cmd_set_inputs	0	static
command_processing.c:1577:6:cmd_activate	0	static
command_processing.c:1592:6:cmd_get_activate	16	static
command_processing.c:1610:6:cmd_get_inputs	16	static
command_processing.c:1629:6:cmd_get_currents	16	static
command_processing.c:1649:6:cmd_get_velocities	16	static
command_processing.c:1671:6:cmd_get_accelerations	24	static
command_processing.c:65:6:commProcess	16	static
