Archive member included to satisfy reference by file (symbol)

c:/program files (x86)/atollic/truestudio for stm32 9.3.0/armtools/bin/../lib/gcc/arm-atollic-eabi/6.3.1/../../../../arm-atollic-eabi/lib/armv7e-m/fpu\libc_nano.a(lib_a-init.o)
                              startup\startup_stm32f446xx.o (__libc_init_array)
c:/program files (x86)/atollic/truestudio for stm32 9.3.0/armtools/bin/../lib/gcc/arm-atollic-eabi/6.3.1/../../../../arm-atollic-eabi/lib/armv7e-m/fpu\libc_nano.a(lib_a-memcpy-stub.o)
                              Src\User_Functions\command_processing.o (memcpy)
c:/program files (x86)/atollic/truestudio for stm32 9.3.0/armtools/bin/../lib/gcc/arm-atollic-eabi/6.3.1/../../../../arm-atollic-eabi/lib/armv7e-m/fpu\libc_nano.a(lib_a-memset.o)
                              Src\User_Functions\IMU_functions.o (memset)
c:/program files (x86)/atollic/truestudio for stm32 9.3.0/armtools/bin/../lib/gcc/arm-atollic-eabi/6.3.1/../../../../arm-atollic-eabi/lib/armv7e-m/fpu\libc_nano.a(lib_a-sprintf.o)
                              Src\User_Functions\command_processing.o (sprintf)
c:/program files (x86)/atollic/truestudio for stm32 9.3.0/armtools/bin/../lib/gcc/arm-atollic-eabi/6.3.1/../../../../arm-atollic-eabi/lib/armv7e-m/fpu\libc_nano.a(lib_a-strcat.o)
                              Src\User_Functions\command_processing.o (strcat)
c:/program files (x86)/atollic/truestudio for stm32 9.3.0/armtools/bin/../lib/gcc/arm-atollic-eabi/6.3.1/../../../../arm-atollic-eabi/lib/armv7e-m/fpu\libc_nano.a(lib_a-strcpy.o)
                              Src\User_Functions\command_processing.o (strcpy)
c:/program files (x86)/atollic/truestudio for stm32 9.3.0/armtools/bin/../lib/gcc/arm-atollic-eabi/6.3.1/../../../../arm-atollic-eabi/lib/armv7e-m/fpu\libc_nano.a(lib_a-strlen.o)
                              Src\User_Functions\command_processing.o (strlen)
c:/program files (x86)/atollic/truestudio for stm32 9.3.0/armtools/bin/../lib/gcc/arm-atollic-eabi/6.3.1/../../../../arm-atollic-eabi/lib/armv7e-m/fpu\libc_nano.a(lib_a-impure.o)
                              c:/program files (x86)/atollic/truestudio for stm32 9.3.0/armtools/bin/../lib/gcc/arm-atollic-eabi/6.3.1/../../../../arm-atollic-eabi/lib/armv7e-m/fpu\libc_nano.a(lib_a-sprintf.o) (_impure_ptr)
c:/program files (x86)/atollic/truestudio for stm32 9.3.0/armtools/bin/../lib/gcc/arm-atollic-eabi/6.3.1/../../../../arm-atollic-eabi/lib/armv7e-m/fpu\libc_nano.a(lib_a-nano-svfprintf.o)
                              c:/program files (x86)/atollic/truestudio for stm32 9.3.0/armtools/bin/../lib/gcc/arm-atollic-eabi/6.3.1/../../../../arm-atollic-eabi/lib/armv7e-m/fpu\libc_nano.a(lib_a-sprintf.o) (_svfprintf_r)
c:/program files (x86)/atollic/truestudio for stm32 9.3.0/armtools/bin/../lib/gcc/arm-atollic-eabi/6.3.1/../../../../arm-atollic-eabi/lib/armv7e-m/fpu\libc_nano.a(lib_a-nano-vfprintf_i.o)
                              c:/program files (x86)/atollic/truestudio for stm32 9.3.0/armtools/bin/../lib/gcc/arm-atollic-eabi/6.3.1/../../../../arm-atollic-eabi/lib/armv7e-m/fpu\libc_nano.a(lib_a-nano-svfprintf.o) (_printf_i)
c:/program files (x86)/atollic/truestudio for stm32 9.3.0/armtools/bin/../lib/gcc/arm-atollic-eabi/6.3.1/../../../../arm-atollic-eabi/lib/armv7e-m/fpu\libc_nano.a(lib_a-memchr.o)
                              c:/program files (x86)/atollic/truestudio for stm32 9.3.0/armtools/bin/../lib/gcc/arm-atollic-eabi/6.3.1/../../../../arm-atollic-eabi/lib/armv7e-m/fpu\libc_nano.a(lib_a-nano-svfprintf.o) (memchr)
c:/program files (x86)/atollic/truestudio for stm32 9.3.0/armtools/bin/../lib/gcc/arm-atollic-eabi/6.3.1/../../../../arm-atollic-eabi/lib/armv7e-m/fpu\libc_nano.a(lib_a-memmove.o)
                              c:/program files (x86)/atollic/truestudio for stm32 9.3.0/armtools/bin/../lib/gcc/arm-atollic-eabi/6.3.1/../../../../arm-atollic-eabi/lib/armv7e-m/fpu\libc_nano.a(lib_a-nano-svfprintf.o) (memmove)
c:/program files (x86)/atollic/truestudio for stm32 9.3.0/armtools/bin/../lib/gcc/arm-atollic-eabi/6.3.1/../../../../arm-atollic-eabi/lib/armv7e-m/fpu\libc_nano.a(lib_a-nano-freer.o)
                              c:/program files (x86)/atollic/truestudio for stm32 9.3.0/armtools/bin/../lib/gcc/arm-atollic-eabi/6.3.1/../../../../arm-atollic-eabi/lib/armv7e-m/fpu\libc_nano.a(lib_a-nano-svfprintf.o) (_free_r)
c:/program files (x86)/atollic/truestudio for stm32 9.3.0/armtools/bin/../lib/gcc/arm-atollic-eabi/6.3.1/../../../../arm-atollic-eabi/lib/armv7e-m/fpu\libc_nano.a(lib_a-nano-mallocr.o)
                              c:/program files (x86)/atollic/truestudio for stm32 9.3.0/armtools/bin/../lib/gcc/arm-atollic-eabi/6.3.1/../../../../arm-atollic-eabi/lib/armv7e-m/fpu\libc_nano.a(lib_a-nano-svfprintf.o) (_malloc_r)
c:/program files (x86)/atollic/truestudio for stm32 9.3.0/armtools/bin/../lib/gcc/arm-atollic-eabi/6.3.1/../../../../arm-atollic-eabi/lib/armv7e-m/fpu\libc_nano.a(lib_a-nano-reallocr.o)
[...]
Memory Configuration

Name             Origin             Length             Attributes
RAM              0x20000000         0x00020000         xrw
FLASH            0x08000000         0x00080000         xr
*default*        0x00000000         0xffffffff

Linker script and memory map

LOAD c:/program files (x86)/atollic/truestudio for stm32 9.3.0/armtools/bin/../lib/gcc/arm-atollic-eabi/6.3.1/armv7e-m/fpu/crti.o
LOAD c:/program files (x86)/atollic/truestudio for stm32 9.3.0/armtools/bin/../lib/gcc/arm-atollic-eabi/6.3.1/armv7e-m/fpu/crtbegin.o
LOAD Drivers\STM32F4xx_HAL_Driver\Src\stm32f4xx_hal.o
LOAD Drivers\STM32F4xx_HAL_Driver\Src\stm32f4xx_hal_adc.o
LOAD Drivers\STM32F4xx_HAL_Driver\Src\stm32f4xx_hal_adc_ex.o
LOAD Drivers\STM32F4xx_HAL_Driver\Src\stm32f4xx_hal_cortex.o
LOAD Drivers\STM32F4xx_HAL_Driver\Src\stm32f4xx_hal_dma.o
LOAD Drivers\STM32F4xx_HAL_Driver\Src\stm32f4xx_hal_dma_ex.o
LOAD Drivers\STM32F4xx_HAL_Driver\Src\stm32f4xx_hal_flash.o
LOAD Drivers\STM32F4xx_HAL_Driver\Src\stm32f4xx_hal_flash_ex.o
LOAD Drivers\STM32F4xx_HAL_Driver\Src\stm32f4xx_hal_flash_ramfunc.o
LOAD Drivers\STM32F4xx_HAL_Driver\Src\stm32f4xx_hal_gpio.o
LOAD Drivers\STM32F4xx_HAL_Driver\Src\stm32f4xx_hal_pwr.o
LOAD Drivers\STM32F4xx_HAL_Driver\Src\stm32f4xx_hal_pwr_ex.o
LOAD Drivers\STM32F4xx_HAL_Driver\Src\stm32f4xx_hal_rcc.o
LOAD Drivers\STM32F4xx_HAL_Driver\Src\stm32f4xx_hal_rcc_ex.o
LOAD Drivers\STM32F4xx_HAL_Driver\Src\stm32f4xx_hal_spi.o
LOAD Drivers\STM32F4xx_HAL_Driver\Src\stm32f4xx_hal_tim.o
LOAD Drivers\STM32F4xx_HAL_Driver\Src\stm32f4xx_hal_tim_ex.o
LOAD Drivers\STM32F4xx_HAL_Driver\Src\stm32f4xx_hal_uart.o
LOAD Src\User_Functions\Encoder_functions.o
LOAD Src\User_Functions\IMU_functions.o
LOAD Src\User_Functions\command_processing.o
LOAD Src\User_Functions\dwt_delay.o
LOAD Src\User_Functions\globals.o
LOAD Src\User_Functions\interruptions.o
LOAD Src\User_Functions\utils.o
LOAD Src\main.o
LOAD Src\stm32f4xx_hal_msp.o
LOAD Src\stm32f4xx_it.o
LOAD Src\system_stm32f4xx.o
LOAD startup\startup_stm32f446xx.o
                0x00000080                malloc_getpagesize_P = 0x80
START GROUP
LOAD c:/program files (x86)/atollic/truestudio for stm32 9.3.0/armtools/bin/../lib/gcc/arm-atollic-eabi/6.3.1/../../../../arm-atollic-eabi/lib/armv7e-m/fpu\libc_nano.a
LOAD c:/program files (x86)/atollic/truestudio for stm32 9.3.0/armtools/bin/../lib/gcc/arm-atollic-eabi/6.3.1/../../../../arm-atollic-eabi/lib/armv7e-m/fpu\libm.a
END GROUP
START GROUP
LOAD c:/program files (x86)/atollic/truestudio for stm32 9.3.0/armtools/bin/../lib/gcc/arm-atollic-eabi/6.3.1/armv7e-m/fpu\libgcc.a
LOAD c:/program files (x86)/atollic/truestudio for stm32 9.3.0/armtools/bin/../lib/gcc/arm-atollic-eabi/6.3.1/../../../../arm-atollic-eabi/lib/armv7e-m/fpu\libc_nano.a
END GROUP
START GROUP
LOAD c:/program files (x86)/atollic/truestudio for stm32 9.3.0/armtools/bin/../lib/gcc/arm-atollic-eabi/6.3.1/armv7e-m/fpu\libgcc.a
LOAD c:/program files (x86)/atollic/truestudio for stm32 9.3.0/armtools/bin/../lib/gcc/arm-atollic-eabi/6.3.1/../../../../arm-atollic-eabi/lib/armv7e-m/fpu\libc_nano.a
LOAD c:/program files (x86)/atollic/truestudio for stm32 9.3.0/armtools/bin/../lib/gcc/arm-atollic-eabi/6.3.1/../../../../arm-atollic-eabi/lib/armv7e-m/fpu\libnosys.a
END GROUP
START GROUP
LOAD c:/program files (x86)/atollic/truestudio for stm32 9.3.0/armtools/bin/../lib/gcc/arm-atollic-eabi/6.3.1/armv7e-m/fpu\libgcc.a
LOAD c:/program files (x86)/atollic/truestudio for stm32 9.3.0/armtools/bin/../lib/gcc/arm-atollic-eabi/6.3.1/../../../../arm-atollic-eabi/lib/armv7e-m/fpu\libc_nano.a
LOAD c:/program files (x86)/atollic/truestudio for stm32 9.3.0/armtools/bin/../lib/gcc/arm-atollic-eabi/6.3.1/../../../../arm-atollic-eabi/lib/armv7e-m/fpu\libnosys.a
END GROUP
LOAD c:/program files (x86)/atollic/truestudio for stm32 9.3.0/armtools/bin/../lib/gcc/arm-atollic-eabi/6.3.1/armv7e-m/fpu/crtend.o
LOAD c:/program files (x86)/atollic/truestudio for stm32 9.3.0/armtools/bin/../lib/gcc/arm-atollic-eabi/6.3.1/armv7e-m/fpu/crtn.o
                0x20020000                _estack = 0x20020000
                0x00000200                _Min_Heap_Size = 0x200
                0x00000400                _Min_Stack_Size = 0x400

.isr_vector     0x08000000      0x1c4
                0x08000000                . = ALIGN (0x4)
 *(.isr_vector)
 .isr_vector    0x08000000      0x1c4 startup\startup_stm32f446xx.o
                0x08000000                g_pfnVectors
                0x080001c4                . = ALIGN (0x4)

.text           0x080001d0     0x7be4
                0x080001d0                . = ALIGN (0x4)
 *(.text)
 .text          0x080001d0       0x40 c:/program files (x86)/atollic/truestudio for stm32 9.3.0/armtools/bin/../lib/gcc/arm-atollic-eabi/6.3.1/armv7e-m/fpu/crtbegin.o
 .text          0x08000210       0x10 c:/program files (x86)/atollic/truestudio for stm32 9.3.0/armtools/bin/../lib/gcc/arm-atollic-eabi/6.3.1/../../../../arm-atollic-eabi/lib/armv7e-m/fpu\libc_nano.a(lib_a-strlen.o)
                0x08000210                strlen
 .text          0x08000220       0xa0 c:/program files (x86)/atollic/truestudio for stm32 9.3.0/armtools/bin/../lib/gcc/arm-atollic-eabi/6.3.1/../../../../arm-atollic-eabi/lib/armv7e-m/fpu\libc_nano.a(lib_a-memchr.o)
                0x08000220                memchr
 .text          0x080002c0      0x370 c:/program files (x86)/atollic/truestudio for stm32 9.3.0/armtools/bin/../lib/gcc/arm-atollic-eabi/6.3.1/armv7e-m/fpu\libgcc.a(_arm_addsubdf3.o)
                0x080002c0                __aeabi_drsub
                0x080002c8                __aeabi_dsub
                0x080002c8                __subdf3
                0x080002cc                __aeabi_dadd
                0x080002cc                __adddf3
                0x08000544                __floatunsidf
                0x08000544                __aeabi_ui2d
                0x08000564                __floatsidf
                0x08000564                __aeabi_i2d
                0x08000588                __aeabi_f2d
                0x08000588                __extendsfdf2
                0x080005c4                __floatundidf
                0x080005c4                __aeabi_ul2d
                0x080005d4                __floatdidf
                0x080005d4                __aeabi_l2d
 .text          0x08000630      0x424 c:/program files (x86)/atollic/truestudio for stm32 9.3.0/armtools/bin/../lib/gcc/arm-atollic-eabi/6.3.1/armv7e-m/fpu\libgcc.a(_arm_muldivdf3.o)
                0x08000630                __aeabi_dmul
                0x08000630                __muldf3
                0x08000884                __divdf3
                0x08000884                __aeabi_ddiv
 .text          0x08000a54      0x110 c:/program files (x86)/atollic/truestudio for stm32 9.3.0/armtools/bin/../lib/gcc/arm-atollic-eabi/6.3.1/armv7e-m/fpu\libgcc.a(_arm_cmpdf2.o)
                0x08000a54                __gtdf2
                0x08000a54                __gedf2
                0x08000a5c                __ltdf2
                0x08000a5c                __ledf2
                0x08000a64                __nedf2
                0x08000a64                __eqdf2
                0x08000a64                __cmpdf2
                0x08000ae0                __aeabi_cdrcmple
                0x08000af0                __aeabi_cdcmpeq
                0x08000af0                __aeabi_cdcmple
                0x08000b00                __aeabi_dcmpeq
                0x08000b14                __aeabi_dcmplt
                0x08000b28                __aeabi_dcmple
                0x08000b3c                __aeabi_dcmpge
                0x08000b50                __aeabi_dcmpgt
 .text          0x08000b64       0x2c c:/program files (x86)/atollic/truestudio for stm32 9.3.0/armtools/bin/../lib/gcc/arm-atollic-eabi/6.3.1/armv7e-m/fpu\libgcc.a(_arm_unorddf2.o)
                0x08000b64                __unorddf2
                0x08000b64                __aeabi_dcmpun
 .text          0x08000b90       0x50 c:/program files (x86)/atollic/truestudio for stm32 9.3.0/armtools/bin/../lib/gcc/arm-atollic-eabi/6.3.1/armv7e-m/fpu\libgcc.a(_arm_fixdfsi.o)
                0x08000b90                __aeabi_d2iz
                0x08000b90                __fixdfsi
 .text          0x08000be0       0x40 c:/program files (x86)/atollic/truestudio for stm32 9.3.0/armtools/bin/../lib/gcc/arm-atollic-eabi/6.3.1/armv7e-m/fpu\libgcc.a(_arm_fixunsdfsi.o)
                0x08000be0                __aeabi_d2uiz
                0x08000be0                __fixunsdfsi
 .text          0x08000c20       0xa0 c:/program files (x86)/atollic/truestudio for stm32 9.3.0/armtools/bin/../lib/gcc/arm-atollic-eabi/6.3.1/armv7e-m/fpu\libgcc.a(_arm_truncdfsf2.o)
                0x08000c20                __truncdfsf2
                0x08000c20                __aeabi_d2f
 .text          0x08000cc0       0x30 c:/program files (x86)/atollic/truestudio for stm32 9.3.0/armtools/bin/../lib/gcc/arm-atollic-eabi/6.3.1/armv7e-m/fpu\libgcc.a(_aeabi_uldivmod.o)
                0x08000cc0                __aeabi_uldivmod
 .text          0x08000cf0      0x2dc c:/program files (x86)/atollic/truestudio for stm32 9.3.0/armtools/bin/../lib/gcc/arm-atollic-eabi/6.3.1/armv7e-m/fpu\libgcc.a(_udivmoddi4.o)
                0x08000cf0                __udivmoddi4
 .text          0x08000fcc        0x4 c:/program files (x86)/atollic/truestudio for stm32 9.3.0/armtools/bin/../lib/gcc/arm-atollic-eabi/6.3.1/armv7e-m/fpu\libgcc.a(_dvmd_tls.o)
                0x08000fcc                __aeabi_idiv0
                0x08000fcc                __aeabi_ldiv0
 *(.text*)
 .text.HAL_InitTick
                0x08000fd0       0x48 Drivers\STM32F4xx_HAL_Driver\Src\stm32f4xx_hal.o
                0x08000fd0                HAL_InitTick
 .text.HAL_Init
                0x08001018       0x34 Drivers\STM32F4xx_HAL_Driver\Src\stm32f4xx_hal.o
                0x08001018                HAL_Init
 .text.HAL_IncTick
                0x0800104c       0x18 Drivers\STM32F4xx_HAL_Driver\Src\stm32f4xx_hal.o
                0x0800104c                HAL_IncTick
 .text.HAL_GetTick
                0x08001064        0xc Drivers\STM32F4xx_HAL_Driver\Src\stm32f4xx_hal.o
                0x08001064                HAL_GetTick
 .text.HAL_Delay
                0x08001070       0x28 Drivers\STM32F4xx_HAL_Driver\Src\stm32f4xx_hal.o
                0x08001070                HAL_Delay
 .text.HAL_ADC_Init
                0x08001098      0x148 Drivers\STM32F4xx_HAL_Driver\Src\stm32f4xx_hal_adc.o
                0x08001098                HAL_ADC_Init
 .text.HAL_ADC_Start
                0x080011e0       0xc0 Drivers\STM32F4xx_HAL_Driver\Src\stm32f4xx_hal_adc.o
                0x080011e0                HAL_ADC_Start
 .text.HAL_ADC_Start_DMA
                0x080012a0      0x100 Drivers\STM32F4xx_HAL_Driver\Src\stm32f4xx_hal_adc.o
                0x080012a0                HAL_ADC_Start_DMA
 .text.HAL_ADC_ConvCpltCallback
                0x080013a0        0x2 Drivers\STM32F4xx_HAL_Driver\Src\stm32f4xx_hal_adc.o
                0x080013a0                HAL_ADC_ConvCpltCallback
 .text.ADC_DMAConvCplt
                0x080013a2       0x60 Drivers\STM32F4xx_HAL_Driver\Src\stm32f4xx_hal_adc.o
 .text.HAL_ADC_ConvHalfCpltCallback
                0x08001402        0x2 Drivers\STM32F4xx_HAL_Driver\Src\stm32f4xx_hal_adc.o
                0x08001402                HAL_ADC_ConvHalfCpltCallback
 .text.ADC_DMAHalfConvCplt
                0x08001404        0xa Drivers\STM32F4xx_HAL_Driver\Src\stm32f4xx_hal_adc.o
 .text.HAL_ADC_ErrorCallback
                0x0800140e        0x2 Drivers\STM32F4xx_HAL_Driver\Src\stm32f4xx_hal_adc.o
                0x0800140e                HAL_ADC_ErrorCallback
 .text.ADC_DMAError
                0x08001410       0x16 Drivers\STM32F4xx_HAL_Driver\Src\stm32f4xx_hal_adc.o
 *fill*         0x08001426        0x2 
 .text.HAL_ADC_ConfigChannel
                0x08001428      0x130 Drivers\STM32F4xx_HAL_Driver\Src\stm32f4xx_hal_adc.o
                0x08001428                HAL_ADC_ConfigChannel
 .text.HAL_NVIC_SetPriorityGrouping
                0x08001558       0x24 Drivers\STM32F4xx_HAL_Driver\Src\stm32f4xx_hal_cortex.o
                0x08001558                HAL_NVIC_SetPriorityGrouping
 .text.HAL_NVIC_SetPriority
                0x0800157c       0x68 Drivers\STM32F4xx_HAL_Driver\Src\stm32f4xx_hal_cortex.o
                0x0800157c                HAL_NVIC_SetPriority
 .text.HAL_NVIC_EnableIRQ
                0x080015e4       0x18 Drivers\STM32F4xx_HAL_Driver\Src\stm32f4xx_hal_cortex.o
                0x080015e4                HAL_NVIC_EnableIRQ
 .text.HAL_SYSTICK_Config
                0x080015fc       0x2c Drivers\STM32F4xx_HAL_Driver\Src\stm32f4xx_hal_cortex.o
                0x080015fc                HAL_SYSTICK_Config
 .text.HAL_SYSTICK_CLKSourceConfig
                0x08001628       0x18 Drivers\STM32F4xx_HAL_Driver\Src\stm32f4xx_hal_cortex.o
                0x08001628                HAL_SYSTICK_CLKSourceConfig
 .text.HAL_SYSTICK_Callback
                0x08001640        0x2 Drivers\STM32F4xx_HAL_Driver\Src\stm32f4xx_hal_cortex.o
                0x08001640                HAL_SYSTICK_Callback
 .text.HAL_SYSTICK_IRQHandler
                0x08001642        0x8 Drivers\STM32F4xx_HAL_Driver\Src\stm32f4xx_hal_cortex.o
                0x08001642                HAL_SYSTICK_IRQHandler
 *fill*         0x0800164a        0x2 
 .text.DMA_CalcBaseAndBitshift
                0x0800164c       0x2c Drivers\STM32F4xx_HAL_Driver\Src\stm32f4xx_hal_dma.o
 .text.HAL_DMA_Init
                0x08001678       0xfc Drivers\STM32F4xx_HAL_Driver\Src\stm32f4xx_hal_dma.o
                0x08001678                HAL_DMA_Init
 .text.HAL_DMA_Start_IT
                0x08001774       0x7c Drivers\STM32F4xx_HAL_Driver\Src\stm32f4xx_hal_dma.o
                0x08001774                HAL_DMA_Start_IT
 .text.HAL_DMA_Abort_IT
                0x080017f0       0x24 Drivers\STM32F4xx_HAL_Driver\Src\stm32f4xx_hal_dma.o
                0x080017f0                HAL_DMA_Abort_IT
 .text.FLASH_Program_DoubleWord
                0x08001814       0x28 Drivers\STM32F4xx_HAL_Driver\Src\stm32f4xx_hal_flash.o
 .text.FLASH_Program_Word
                0x0800183c       0x24 Drivers\STM32F4xx_HAL_Driver\Src\stm32f4xx_hal_flash.o
 .text.FLASH_Program_HalfWord
                0x08001860       0x24 Drivers\STM32F4xx_HAL_Driver\Src\stm32f4xx_hal_flash.o
 .text.FLASH_SetErrorCode
                0x08001884       0x8c Drivers\STM32F4xx_HAL_Driver\Src\stm32f4xx_hal_flash.o
 .text.HAL_FLASH_Unlock
                0x08001910       0x24 Drivers\STM32F4xx_HAL_Driver\Src\stm32f4xx_hal_flash.o
                0x08001910                HAL_FLASH_Unlock
 .text.HAL_FLASH_Lock
                0x08001934       0x14 Drivers\STM32F4xx_HAL_Driver\Src\stm32f4xx_hal_flash.o
                0x08001934                HAL_FLASH_Lock
 .text.FLASH_WaitForLastOperation
                0x08001948       0x54 Drivers\STM32F4xx_HAL_Driver\Src\stm32f4xx_hal_flash.o
                0x08001948                FLASH_WaitForLastOperation
 .text.HAL_FLASH_Program
                0x0800199c       0x90 Drivers\STM32F4xx_HAL_Driver\Src\stm32f4xx_hal_flash.o
                0x0800199c                HAL_FLASH_Program
 .text.FLASH_MassErase.isra.0
                0x08001a2c       0x24 Drivers\STM32F4xx_HAL_Driver\Src\stm32f4xx_hal_flash_ex.o
 .text.FLASH_Erase_Sector
                0x08001a50       0x4c Drivers\STM32F4xx_HAL_Driver\Src\stm32f4xx_hal_flash_ex.o
                0x08001a50                FLASH_Erase_Sector
 .text.FLASH_FlushCaches
                0x08001a9c       0x58 Drivers\STM32F4xx_HAL_Driver\Src\stm32f4xx_hal_flash_ex.o
                0x08001a9c                FLASH_FlushCaches
 .text.HAL_FLASHEx_Erase
                0x08001af4       0x9c Drivers\STM32F4xx_HAL_Driver\Src\stm32f4xx_hal_flash_ex.o
                0x08001af4                HAL_FLASHEx_Erase
 .text.HAL_GPIO_Init
                0x08001b90      0x1b4 Drivers\STM32F4xx_HAL_Driver\Src\stm32f4xx_hal_gpio.o
                0x08001b90                HAL_GPIO_Init
 .text.HAL_GPIO_WritePin
                0x08001d44        0xa Drivers\STM32F4xx_HAL_Driver\Src\stm32f4xx_hal_gpio.o
                0x08001d44                HAL_GPIO_WritePin
 *fill*         0x08001d4e        0x2 
 .text.HAL_PWREx_EnableOverDrive
                0x08001d50       0x78 Drivers\STM32F4xx_HAL_Driver\Src\stm32f4xx_hal_pwr_ex.o
                0x08001d50                HAL_PWREx_EnableOverDrive
 .text.HAL_RCC_ClockConfig
                0x08001dc8      0x134 Drivers\STM32F4xx_HAL_Driver\Src\stm32f4xx_hal_rcc.o
                0x08001dc8                HAL_RCC_ClockConfig
 .text.HAL_RCC_GetHCLKFreq
                0x08001efc        0xc Drivers\STM32F4xx_HAL_Driver\Src\stm32f4xx_hal_rcc.o
                0x08001efc                HAL_RCC_GetHCLKFreq
 .text.HAL_RCC_GetPCLK1Freq
                0x08001f08       0x20 Drivers\STM32F4xx_HAL_Driver\Src\stm32f4xx_hal_rcc.o
                0x08001f08                HAL_RCC_GetPCLK1Freq
 .text.HAL_RCC_GetPCLK2Freq
                0x08001f28       0x20 Drivers\STM32F4xx_HAL_Driver\Src\stm32f4xx_hal_rcc.o
                0x08001f28                HAL_RCC_GetPCLK2Freq
 .text.HAL_RCC_GetSysClockFreq
                0x08001f48       0x90 Drivers\STM32F4xx_HAL_Driver\Src\stm32f4xx_hal_rcc_ex.o
                0x08001f48                HAL_RCC_GetSysClockFreq
 .text.HAL_RCC_DeInit
                0x08001fd8      0x150 Drivers\STM32F4xx_HAL_Driver\Src\stm32f4xx_hal_rcc_ex.o
                0x08001fd8                HAL_RCC_DeInit
 .text.HAL_RCC_OscConfig
                0x08002128      0x334 Drivers\STM32F4xx_HAL_Driver\Src\stm32f4xx_hal_rcc_ex.o
                0x08002128                HAL_RCC_OscConfig
 .text.SPI_WaitFlagStateUntilTimeout
                0x0800245c       0x8e Drivers\STM32F4xx_HAL_Driver\Src\stm32f4xx_hal_spi.o
 .text.SPI_CheckFlag_BSY
                0x080024ea       0x20 Drivers\STM32F4xx_HAL_Driver\Src\stm32f4xx_hal_spi.o
 .text.HAL_SPI_Init
                0x0800250a       0x7a Drivers\STM32F4xx_HAL_Driver\Src\stm32f4xx_hal_spi.o
                0x0800250a                HAL_SPI_Init
 .text.HAL_SPI_Transmit
                0x08002584      0x152 Drivers\STM32F4xx_HAL_Driver\Src\stm32f4xx_hal_spi.o
                0x08002584                HAL_SPI_Transmit
 .text.HAL_SPI_TransmitReceive
                0x080026d6      0x1f8 Drivers\STM32F4xx_HAL_Driver\Src\stm32f4xx_hal_spi.o
                0x080026d6                HAL_SPI_TransmitReceive
 .text.HAL_SPI_Receive
                0x080028ce      0x13e Drivers\STM32F4xx_HAL_Driver\Src\stm32f4xx_hal_spi.o
                0x080028ce                HAL_SPI_Receive
 .text.HAL_SPI_ErrorCallback
                0x08002a0c        0x2 Drivers\STM32F4xx_HAL_Driver\Src\stm32f4xx_hal_spi.o
                0x08002a0c                HAL_SPI_ErrorCallback
 *fill*         0x08002a0e        0x2 
 .text.HAL_SPI_IRQHandler
                0x08002a10       0xe8 Drivers\STM32F4xx_HAL_Driver\Src\stm32f4xx_hal_spi.o
                0x08002a10                HAL_SPI_IRQHandler
 .text.SPI_DMAAbortOnError
                0x08002af8       0x10 Drivers\STM32F4xx_HAL_Driver\Src\stm32f4xx_hal_spi.o
 .text.UART_EndRxTransfer
                0x08002b08       0x1a Drivers\STM32F4xx_HAL_Driver\Src\stm32f4xx_hal_uart.o
 *fill*         0x08002b22        0x2 
 .text.UART_SetConfig
                0x08002b24      0x234 Drivers\STM32F4xx_HAL_Driver\Src\stm32f4xx_hal_uart.o
 .text.UART_WaitOnFlagUntilTimeout.constprop.3
                0x08002d58       0x50 Drivers\STM32F4xx_HAL_Driver\Src\stm32f4xx_hal_uart.o
 .text.HAL_UART_Init
                0x08002da8       0x5c Drivers\STM32F4xx_HAL_Driver\Src\stm32f4xx_hal_uart.o
                0x08002da8                HAL_UART_Init
 .text.HAL_UART_Transmit
                0x08002e04       0xba Drivers\STM32F4xx_HAL_Driver\Src\stm32f4xx_hal_uart.o
                0x08002e04                HAL_UART_Transmit
 .text.HAL_UART_Receive_IT
                0x08002ebe       0x46 Drivers\STM32F4xx_HAL_Driver\Src\stm32f4xx_hal_uart.o
                0x08002ebe                HAL_UART_Receive_IT
 .text.HAL_UART_TxCpltCallback
                0x08002f04        0x2 Drivers\STM32F4xx_HAL_Driver\Src\stm32f4xx_hal_uart.o
                0x08002f04                HAL_UART_TxCpltCallback
 .text.UART_Receive_IT
                0x08002f06       0x74 Drivers\STM32F4xx_HAL_Driver\Src\stm32f4xx_hal_uart.o
 .text.HAL_UART_ErrorCallback
                0x08002f7a        0x2 Drivers\STM32F4xx_HAL_Driver\Src\stm32f4xx_hal_uart.o
                0x08002f7a                HAL_UART_ErrorCallback
 .text.HAL_UART_IRQHandler
                0x08002f7c      0x140 Drivers\STM32F4xx_HAL_Driver\Src\stm32f4xx_hal_uart.o
                0x08002f7c                HAL_UART_IRQHandler
 .text.UART_DMAAbortOnError
                0x080030bc       0x10 Drivers\STM32F4xx_HAL_Driver\Src\stm32f4xx_hal_uart.o
 .text.InitEncoder
                0x080030cc      0x28c Src\User_Functions\Encoder_functions.o
                0x080030cc                InitEncoder
 .text.InitEncoderGeneral
                0x08003358       0x20 Src\User_Functions\Encoder_functions.o
                0x08003358                InitEncoderGeneral
 .text.ReadEncoder
                0x08003378      0x810 Src\User_Functions\Encoder_functions.o
                0x08003378                ReadEncoder
 .text.ReadAllEncoders
                0x08003b88       0x20 Src\User_Functions\Encoder_functions.o
                0x08003b88                ReadAllEncoders
 .text.ChipSelector
                0x08003ba8      0x17c Src\User_Functions\IMU_functions.o
                0x08003ba8                ChipSelector
 .text.WriteControlRegister
                0x08003d24       0x28 Src\User_Functions\IMU_functions.o
                0x08003d24                WriteControlRegister
 .text.InitIMU  0x08003d4c      0x18c Src\User_Functions\IMU_functions.o
                0x08003d4c                InitIMU
 .text.InitIMUMagCal
                0x08003ed8      0x18c Src\User_Functions\IMU_functions.o
                0x08003ed8                InitIMUMagCal
 .text.ReadControlRegister
                0x08004064       0x44 Src\User_Functions\IMU_functions.o
                0x08004064                ReadControlRegister
 .text.SPI_delay
                0x080040a8       0x20 Src\User_Functions\IMU_functions.o
                0x080040a8                SPI_delay
 .text.ReadAcc  0x080040c8       0xb0 Src\User_Functions\IMU_functions.o
                0x080040c8                ReadAcc
 .text.ReadGyro
                0x08004178       0xb0 Src\User_Functions\IMU_functions.o
                0x08004178                ReadGyro
 .text.ReadQuat
                0x08004228      0x470 Src\User_Functions\IMU_functions.o
                0x08004228                ReadQuat
 .text.ReadMag  0x08004698       0xb0 Src\User_Functions\IMU_functions.o
                0x08004698                ReadMag
 .text.ReadMagCal
                0x08004748       0x60 Src\User_Functions\IMU_functions.o
                0x08004748                ReadMagCal
 .text.InitIMUgeneral
                0x080047a8      0x178 Src\User_Functions\IMU_functions.o
                0x080047a8                InitIMUgeneral
 .text.ReadTemp
                0x08004920       0x48 Src\User_Functions\IMU_functions.o
                0x08004920                ReadTemp
 .text.ReadIMU  0x08004968       0x60 Src\User_Functions\IMU_functions.o
                0x08004968                ReadIMU
 .text.ReadAllIMUs
                0x080049c8       0xf8 Src\User_Functions\IMU_functions.o
                0x080049c8                ReadAllIMUs
 .text.infoPrepare
                0x08004ac0      0x474 Src\User_Functions\command_processing.o
                0x08004ac0                infoPrepare
 .text.infoReading
                0x08004f34      0x298 Src\User_Functions\command_processing.o
                0x08004f34                infoReading
 .text.infoGet  0x080051cc       0x58 Src\User_Functions\command_processing.o
                0x080051cc                infoGet
 .text.commWrite
                0x08005224       0xa8 Src\User_Functions\command_processing.o
                0x08005224                commWrite
 .text.LCRChecksum
                0x080052cc       0x1a Src\User_Functions\command_processing.o
                0x080052cc                LCRChecksum
 .text.sendAcknowledgment
                0x080052e6       0x18 Src\User_Functions\command_processing.o
                0x080052e6                sendAcknowledgment
 *fill*         0x080052fe        0x2 
 .text.memStore
                0x08005300       0x90 Src\User_Functions\command_processing.o
                0x08005300                memStore
 .text.memRecall
                0x08005390       0x40 Src\User_Functions\command_processing.o
                0x08005390                memRecall
 .text.memInit  0x080053d0      0x168 Src\User_Functions\command_processing.o
                0x080053d0                memInit
 .text.cmd_ping
                0x08005538       0x1a Src\User_Functions\command_processing.o
                0x08005538                cmd_ping
 .text.cmd_store_params
                0x08005552       0x14 Src\User_Functions\command_processing.o
                0x08005552                cmd_store_params
 *fill*         0x08005566        0x2 
 .text.cmd_get_imu_readings
                0x08005568      0x2e0 Src\User_Functions\command_processing.o
                0x08005568                cmd_get_imu_readings
 .text.cmd_get_emg
                0x08005848       0x40 Src\User_Functions\command_processing.o
                0x08005848                cmd_get_emg
 .text.cmd_get_adc_raw
                0x08005888       0x40 Src\User_Functions\command_processing.o
                0x08005888                cmd_get_adc_raw
 .text.get_IMU_param_list
                0x080058c8      0x9ac Src\User_Functions\command_processing.o
                0x080058c8                get_IMU_param_list
 .text.cmd_set_inputs
                0x08006274       0x68 Src\User_Functions\command_processing.o
                0x08006274                cmd_set_inputs
 .text.cmd_activate
                0x080062dc       0x38 Src\User_Functions\command_processing.o
                0x080062dc                cmd_activate
 .text.cmd_get_activate
                0x08006314       0x30 Src\User_Functions\command_processing.o
                0x08006314                cmd_get_activate
 .text.cmd_get_inputs
                0x08006344       0x3c Src\User_Functions\command_processing.o
                0x08006344                cmd_get_inputs
 .text.cmd_get_currents
                0x08006380       0x34 Src\User_Functions\command_processing.o
                0x08006380                cmd_get_currents
 .text.cmd_get_velocities
                0x080063b4       0x54 Src\User_Functions\command_processing.o
                0x080063b4                cmd_get_velocities
 .text.cmd_get_accelerations
                0x08006408       0x50 Src\User_Functions\command_processing.o
                0x08006408                cmd_get_accelerations
 .text.commProcess
                0x08006458      0x130 Src\User_Functions\command_processing.o
                0x08006458                commProcess
 .text.DWT_Init
                0x08006588       0x28 Src\User_Functions\dwt_delay.o
                0x08006588                DWT_Init
 .text.DWT_Delay
                0x080065b0       0x28 Src\User_Functions\dwt_delay.o
                0x080065b0                DWT_Delay
 .text.interrupt_manager
                0x080065d8      0x11c Src\User_Functions\interruptions.o
                0x080065d8                interrupt_manager
 *fill*         0x080066f4        0x4 
 .text.chip_temperature
                0x080066f8       0x6c Src\User_Functions\interruptions.o
                0x080066f8                chip_temperature
 .text.function_scheduler
                0x08006764      0x12c Src\User_Functions\interruptions.o
                0x08006764                function_scheduler
 .text.invSqrt  0x08006890       0x2c Src\User_Functions\utils.o
                0x08006890                invSqrt
 .text.v3_normalize
                0x080068bc       0x38 Src\User_Functions\utils.o
                0x080068bc                v3_normalize
 .text.v4_normalize
                0x080068f4       0x48 Src\User_Functions\utils.o
                0x080068f4                v4_normalize
 .text.BootLoaderInit
                0x0800693c       0x40 Src\User_Functions\utils.o
                0x0800693c                BootLoaderInit
 .text.MX_USART1_UART_Init
                0x0800697c       0x38 Src\main.o
 .text.SystemClock_Config
                0x080069b4       0xb4 Src\main.o
                0x080069b4                SystemClock_Config
 .text.startup.main
                0x08006a68      0x460 Src\main.o
                0x08006a68                main
 .text.HAL_UART_RxCpltCallback
                0x08006ec8       0x54 Src\main.o
                0x08006ec8                HAL_UART_RxCpltCallback
 .text.HAL_MspInit
                0x08006f1c       0x60 Src\stm32f4xx_hal_msp.o
                0x08006f1c                HAL_MspInit
 .text.HAL_ADC_MspInit
                0x08006f7c       0x94 Src\stm32f4xx_hal_msp.o
                0x08006f7c                HAL_ADC_MspInit
 .text.HAL_SPI_MspInit
                0x08007010       0xf4 Src\stm32f4xx_hal_msp.o
                0x08007010                HAL_SPI_MspInit
 .text.HAL_UART_MspInit
                0x08007104       0xc0 Src\stm32f4xx_hal_msp.o
                0x08007104                HAL_UART_MspInit
 .text.NMI_Handler
                0x080071c4        0x2 Src\stm32f4xx_it.o
                0x080071c4                NMI_Handler
 .text.HardFault_Handler
                0x080071c6        0x2 Src\stm32f4xx_it.o
                0x080071c6                HardFault_Handler
 .text.MemManage_Handler
                0x080071c8        0x2 Src\stm32f4xx_it.o
                0x080071c8                MemManage_Handler
 .text.BusFault_Handler
                0x080071ca        0x2 Src\stm32f4xx_it.o
                0x080071ca                BusFault_Handler
 .text.UsageFault_Handler
                0x080071cc        0x2 Src\stm32f4xx_it.o
                0x080071cc                UsageFault_Handler
 .text.SVC_Handler
                0x080071ce        0x2 Src\stm32f4xx_it.o
                0x080071ce                SVC_Handler
 .text.DebugMon_Handler
                0x080071d0        0x2 Src\stm32f4xx_it.o
                0x080071d0                DebugMon_Handler
 .text.PendSV_Handler
                0x080071d2        0x2 Src\stm32f4xx_it.o
                0x080071d2                PendSV_Handler
 .text.SysTick_Handler
                0x080071d4        0xe Src\stm32f4xx_it.o
                0x080071d4                SysTick_Handler
 *fill*         0x080071e2        0x2 
 .text.SPI1_IRQHandler
                0x080071e4        0xc Src\stm32f4xx_it.o
                0x080071e4                SPI1_IRQHandler
 .text.USART1_IRQHandler
                0x080071f0        0xc Src\stm32f4xx_it.o
                0x080071f0                USART1_IRQHandler
 .text.SystemInit
                0x080071fc       0x4c Src\system_stm32f4xx.o
                0x080071fc                SystemInit
 .text.Reset_Handler
                0x08007248       0x50 startup\startup_stm32f446xx.o
                0x08007248                Reset_Handler
 .text.Default_Handler
                0x08007298        0x2 startup\startup_stm32f446xx.o
                0x08007298                RTC_Alarm_IRQHandler
                0x08007298                EXTI2_IRQHandler
                0x08007298                TIM8_CC_IRQHandler
                0x08007298                SPI4_IRQHandler
                0x08007298                TIM1_CC_IRQHandler
                0x08007298                DMA2_Stream5_IRQHandler
                0x08007298                DMA1_Stream5_IRQHandler
                0x08007298                PVD_IRQHandler
                0x08007298                SDIO_IRQHandler
                0x08007298                TAMP_STAMP_IRQHandler
                0x08007298                CAN2_RX1_IRQHandler
                0x08007298                EXTI3_IRQHandler
                0x08007298                TIM8_TRG_COM_TIM14_IRQHandler
                0x08007298                TIM1_UP_TIM10_IRQHandler
                0x08007298                TIM8_UP_TIM13_IRQHandler
                0x08007298                I2C3_ER_IRQHandler
                0x08007298                FMPI2C1_Event_IRQHandler
                0x08007298                EXTI0_IRQHandler
                0x08007298                I2C2_EV_IRQHandler
                0x08007298                DMA1_Stream2_IRQHandler
                0x08007298                CAN1_RX0_IRQHandler
                0x08007298                FPU_IRQHandler
                0x08007298                OTG_HS_WKUP_IRQHandler
                0x08007298                CAN2_SCE_IRQHandler
                0x08007298                DMA2_Stream2_IRQHandler
                0x08007298                TIM6_DAC_IRQHandler
                0x08007298                TIM1_BRK_TIM9_IRQHandler
                0x08007298                DCMI_IRQHandler
                0x08007298                CAN2_RX0_IRQHandler
                0x08007298                DMA2_Stream3_IRQHandler
                0x08007298                SAI2_IRQHandler
                0x08007298                USART6_IRQHandler
                0x08007298                USART3_IRQHandler
                0x08007298                CAN1_RX1_IRQHandler
                0x08007298                UART5_IRQHandler
                0x08007298                DMA2_Stream0_IRQHandler
                0x08007298                TIM4_IRQHandler
                0x08007298                QUADSPI_IRQHandler
                0x08007298                I2C1_EV_IRQHandler
                0x08007298                DMA1_Stream6_IRQHandler
                0x08007298                DMA1_Stream1_IRQHandler
                0x08007298                UART4_IRQHandler
                0x08007298                TIM3_IRQHandler
                0x08007298                RCC_IRQHandler
                0x08007298                TIM8_BRK_TIM12_IRQHandler
                0x08007298                Default_Handler
                0x08007298                CEC_IRQHandler
                0x08007298                EXTI15_10_IRQHandler
                0x08007298                ADC_IRQHandler
                0x08007298                DMA1_Stream7_IRQHandler
                0x08007298                TIM7_IRQHandler
                0x08007298                CAN2_TX_IRQHandler
                0x08007298                TIM5_IRQHandler
                0x08007298                DMA2_Stream7_IRQHandler
                0x08007298                I2C3_EV_IRQHandler
                0x08007298                EXTI9_5_IRQHandler
                0x08007298                RTC_WKUP_IRQHandler
                0x08007298                SPDIF_RX_IRQHandler
                0x08007298                SPI2_IRQHandler
                0x08007298                OTG_HS_EP1_IN_IRQHandler
                0x08007298                DMA1_Stream0_IRQHandler
                0x08007298                CAN1_TX_IRQHandler
                0x08007298                EXTI4_IRQHandler
                0x08007298                OTG_HS_EP1_OUT_IRQHandler
                0x08007298                WWDG_IRQHandler
                0x08007298                TIM2_IRQHandler
                0x08007298                OTG_FS_WKUP_IRQHandler
                0x08007298                TIM1_TRG_COM_TIM11_IRQHandler
                0x08007298                OTG_HS_IRQHandler
                0x08007298                EXTI1_IRQHandler
                0x08007298                USART2_IRQHandler
                0x08007298                I2C2_ER_IRQHandler
                0x08007298                DMA2_Stream1_IRQHandler
                0x08007298                CAN1_SCE_IRQHandler
                0x08007298                FLASH_IRQHandler
                0x08007298                DMA2_Stream4_IRQHandler
                0x08007298                OTG_FS_IRQHandler
                0x08007298                SPI3_IRQHandler
                0x08007298                DMA1_Stream4_IRQHandler
                0x08007298                I2C1_ER_IRQHandler
                0x08007298                FMC_IRQHandler
                0x08007298                DMA2_Stream6_IRQHandler
                0x08007298                SAI1_IRQHandler
                0x08007298                DMA1_Stream3_IRQHandler
                0x08007298                FMPI2C1_Error_IRQHandler
 *fill*         0x0800729a        0x2 
 .text.__libc_init_array
                0x0800729c       0x48 c:/program files (x86)/atollic/truestudio for stm32 9.3.0/armtools/bin/../lib/gcc/arm-atollic-eabi/6.3.1/../../../../arm-atollic-eabi/lib/armv7e-m/fpu\libc_nano.a(lib_a-init.o)
                0x0800729c                __libc_init_array
 .text.memcpy   0x080072e4       0x16 c:/program files (x86)/atollic/truestudio for stm32 9.3.0/armtools/bin/../lib/gcc/arm-atollic-eabi/6.3.1/../../../../arm-atollic-eabi/lib/armv7e-m/fpu\libc_nano.a(lib_a-memcpy-stub.o)
                0x080072e4                memcpy
 .text.memset   0x080072fa       0x10 c:/program files (x86)/atollic/truestudio for stm32 9.3.0/armtools/bin/../lib/gcc/arm-atollic-eabi/6.3.1/../../../../arm-atollic-eabi/lib/armv7e-m/fpu\libc_nano.a(lib_a-memset.o)
                0x080072fa                memset
 *fill*         0x0800730a        0x2 
 .text.sprintf  0x0800730c       0x48 c:/program files (x86)/atollic/truestudio for stm32 9.3.0/armtools/bin/../lib/gcc/arm-atollic-eabi/6.3.1/../../../../arm-atollic-eabi/lib/armv7e-m/fpu\libc_nano.a(lib_a-sprintf.o)
                0x0800730c                siprintf
                0x0800730c                sprintf
 .text.strcat   0x08007354       0x1e c:/program files (x86)/atollic/truestudio for stm32 9.3.0/armtools/bin/../lib/gcc/arm-atollic-eabi/6.3.1/../../../../arm-atollic-eabi/lib/armv7e-m/fpu\libc_nano.a(lib_a-strcat.o)
                0x08007354                strcat
 .text.strcpy   0x08007372       0x10 c:/program files (x86)/atollic/truestudio for stm32 9.3.0/armtools/bin/../lib/gcc/arm-atollic-eabi/6.3.1/../../../../arm-atollic-eabi/lib/armv7e-m/fpu\libc_nano.a(lib_a-strcpy.o)
                0x08007372                strcpy
 .text.__ssputs_r
                0x08007382       0xb6 c:/program files (x86)/atollic/truestudio for stm32 9.3.0/armtools/bin/../lib/gcc/arm-atollic-eabi/6.3.1/../../../../arm-atollic-eabi/lib/armv7e-m/fpu\libc_nano.a(lib_a-nano-svfprintf.o)
                0x08007382                __ssputs_r
 .text._svfprintf_r
                0x08007438      0x1e8 c:/program files (x86)/atollic/truestudio for stm32 9.3.0/armtools/bin/../lib/gcc/arm-atollic-eabi/6.3.1/../../../../arm-atollic-eabi/lib/armv7e-m/fpu\libc_nano.a(lib_a-nano-svfprintf.o)
                0x08007438                _svfiprintf_r
                0x08007438                _svfprintf_r
 .text._printf_common
                0x08007620       0xec c:/program files (x86)/atollic/truestudio for stm32 9.3.0/armtools/bin/../lib/gcc/arm-atollic-eabi/6.3.1/../../../../arm-atollic-eabi/lib/armv7e-m/fpu\libc_nano.a(lib_a-nano-vfprintf_i.o)
                0x08007620                _printf_common
 .text._printf_i
                0x0800770c      0x240 c:/program files (x86)/atollic/truestudio for stm32 9.3.0/armtools/bin/../lib/gcc/arm-atollic-eabi/6.3.1/../../../../arm-atollic-eabi/lib/armv7e-m/fpu\libc_nano.a(lib_a-nano-vfprintf_i.o)
                0x0800770c                _printf_i
 .text.memmove  0x0800794c       0x34 c:/program files (x86)/atollic/truestudio for stm32 9.3.0/armtools/bin/../lib/gcc/arm-atollic-eabi/6.3.1/../../../../arm-atollic-eabi/lib/armv7e-m/fpu\libc_nano.a(lib_a-memmove.o)
                0x0800794c                memmove
 .text._free_r  0x08007980       0x9c c:/program files (x86)/atollic/truestudio for stm32 9.3.0/armtools/bin/../lib/gcc/arm-atollic-eabi/6.3.1/../../../../arm-atollic-eabi/lib/armv7e-m/fpu\libc_nano.a(lib_a-nano-freer.o)
                0x08007980                _free_r
 .text._malloc_r
                0x08007a1c       0xbc c:/program files (x86)/atollic/truestudio for stm32 9.3.0/armtools/bin/../lib/gcc/arm-atollic-eabi/6.3.1/../../../../arm-atollic-eabi/lib/armv7e-m/fpu\libc_nano.a(lib_a-nano-mallocr.o)
                0x08007a1c                _malloc_r
 .text._realloc_r
                0x08007ad8       0x4c c:/program files (x86)/atollic/truestudio for stm32 9.3.0/armtools/bin/../lib/gcc/arm-atollic-eabi/6.3.1/../../../../arm-atollic-eabi/lib/armv7e-m/fpu\libc_nano.a(lib_a-nano-reallocr.o)
                0x08007ad8                _realloc_r
 .text._sbrk_r  0x08007b24       0x20 c:/program files (x86)/atollic/truestudio for stm32 9.3.0/armtools/bin/../lib/gcc/arm-atollic-eabi/6.3.1/../../../../arm-atollic-eabi/lib/armv7e-m/fpu\libc_nano.a(lib_a-sbrkr.o)
                0x08007b24                _sbrk_r
 .text.__malloc_lock
                0x08007b44        0x2 c:/program files (x86)/atollic/truestudio for stm32 9.3.0/armtools/bin/../lib/gcc/arm-atollic-eabi/6.3.1/../../../../arm-atollic-eabi/lib/armv7e-m/fpu\libc_nano.a(lib_a-mlock.o)
                0x08007b44                __malloc_lock
 .text.__malloc_unlock
                0x08007b46        0x2 c:/program files (x86)/atollic/truestudio for stm32 9.3.0/armtools/bin/../lib/gcc/arm-atollic-eabi/6.3.1/../../../../arm-atollic-eabi/lib/armv7e-m/fpu\libc_nano.a(lib_a-mlock.o)
                0x08007b46                __malloc_unlock
 .text._malloc_usable_size_r
                0x08007b48       0x12 c:/program files (x86)/atollic/truestudio for stm32 9.3.0/armtools/bin/../lib/gcc/arm-atollic-eabi/6.3.1/../../../../arm-atollic-eabi/lib/armv7e-m/fpu\libc_nano.a(lib_a-nano-msizer.o)
                0x08007b48                _malloc_usable_size_r
 *fill*         0x08007b5a        0x2 
 .text.sqrt     0x08007b5c       0xb4 c:/program files (x86)/atollic/truestudio for stm32 9.3.0/armtools/bin/../lib/gcc/arm-atollic-eabi/6.3.1/../../../../arm-atollic-eabi/lib/armv7e-m/fpu\libm.a(lib_a-w_sqrt.o)
                0x08007b5c                sqrt
 .text.__ieee754_sqrt
                0x08007c10      0x160 c:/program files (x86)/atollic/truestudio for stm32 9.3.0/armtools/bin/../lib/gcc/arm-atollic-eabi/6.3.1/../../../../arm-atollic-eabi/lib/armv7e-m/fpu\libm.a(lib_a-e_sqrt.o)
                0x08007c10                __ieee754_sqrt
 .text.matherr  0x08007d70        0x4 c:/program files (x86)/atollic/truestudio for stm32 9.3.0/armtools/bin/../lib/gcc/arm-atollic-eabi/6.3.1/../../../../arm-atollic-eabi/lib/armv7e-m/fpu\libm.a(lib_a-s_matherr.o)
                0x08007d70                matherr
 .text.__errno  0x08007d74        0xc c:/program files (x86)/atollic/truestudio for stm32 9.3.0/armtools/bin/../lib/gcc/arm-atollic-eabi/6.3.1/../../../../arm-atollic-eabi/lib/armv7e-m/fpu\libc_nano.a(lib_a-errno.o)
                0x08007d74                __errno
 .text._sbrk    0x08007d80       0x1c c:/program files (x86)/atollic/truestudio for stm32 9.3.0/armtools/bin/../lib/gcc/arm-atollic-eabi/6.3.1/../../../../arm-atollic-eabi/lib/armv7e-m/fpu\libnosys.a(sbrk.o)
                0x08007d80                _sbrk
 *(.glue_7)
 .glue_7        0x08007d9c        0x0 linker stubs
 *(.glue_7t)
 .glue_7t       0x08007d9c        0x0 linker stubs
 *(.eh_frame)
 .eh_frame      0x08007d9c        0x0 c:/program files (x86)/atollic/truestudio for stm32 9.3.0/armtools/bin/../lib/gcc/arm-atollic-eabi/6.3.1/armv7e-m/fpu/crtbegin.o
 *(.init)
 .init          0x08007d9c        0x4 c:/program files (x86)/atollic/truestudio for stm32 9.3.0/armtools/bin/../lib/gcc/arm-atollic-eabi/6.3.1/armv7e-m/fpu/crti.o
                0x08007d9c                _init
 .init          0x08007da0        0x8 c:/program files (x86)/atollic/truestudio for stm32 9.3.0/armtools/bin/../lib/gcc/arm-atollic-eabi/6.3.1/armv7e-m/fpu/crtn.o
 *(.fini)
 .fini          0x08007da8        0x4 c:/program files (x86)/atollic/truestudio for stm32 9.3.0/armtools/bin/../lib/gcc/arm-atollic-eabi/6.3.1/armv7e-m/fpu/crti.o
                0x08007da8                _fini
 .fini          0x08007dac        0x8 c:/program files (x86)/atollic/truestudio for stm32 9.3.0/armtools/bin/../lib/gcc/arm-atollic-eabi/6.3.1/armv7e-m/fpu/crtn.o
                0x08007db4                . = ALIGN (0x4)
                0x08007db4                _etext = .

.vfp11_veneer   0x08007db4        0x0
 .vfp11_veneer  0x08007db4        0x0 linker stubs

.v4_bx          0x08007db4        0x0
 .v4_bx         0x08007db4        0x0 linker stubs

.iplt           0x08007db4        0x0
 .iplt          0x08007db4        0x0 c:/program files (x86)/atollic/truestudio for stm32 9.3.0/armtools/bin/../lib/gcc/arm-atollic-eabi/6.3.1/armv7e-m/fpu/crtbegin.o

.rodata         0x08007db4      0x5d4
                0x08007db4                . = ALIGN (0x4)
 *(.rodata)
 .rodata        0x08007db4       0x33 Src\User_Functions\command_processing.o
 *(.rodata*)
 .rodata.flagBitshiftOffset.8666
                0x08007de7        0x8 Drivers\STM32F4xx_HAL_Driver\Src\stm32f4xx_hal_dma.o
 .rodata.commWrite.str1.1
                0x08007def        0x0 Src\User_Functions\command_processing.o
                                  0x2 (size before relaxing)
 .rodata.get_IMU_param_list.str1.1
                0x08007def      0x1e0 Src\User_Functions\command_processing.o
 .rodata.infoPrepare.str1.1
                0x08007fcf      0x279 Src\User_Functions\command_processing.o
                                0x289 (size before relaxing)
 .rodata.infoReading.str1.1
                0x08008248       0xee Src\User_Functions\command_processing.o
 .rodata.AHBPrescTable
                0x08008336       0x10 Src\system_stm32f4xx.o
                0x08008336                AHBPrescTable
 .rodata.APBPrescTable
                0x08008346        0x8 Src\system_stm32f4xx.o
                0x08008346                APBPrescTable
 .rodata._svfprintf_r.str1.1
                0x0800834e       0x11 c:/program files (x86)/atollic/truestudio for stm32 9.3.0/armtools/bin/../lib/gcc/arm-atollic-eabi/6.3.1/../../../../arm-atollic-eabi/lib/armv7e-m/fpu\libc_nano.a(lib_a-nano-svfprintf.o)
 .rodata._printf_i.str1.1
                0x0800835f       0x22 c:/program files (x86)/atollic/truestudio for stm32 9.3.0/armtools/bin/../lib/gcc/arm-atollic-eabi/6.3.1/../../../../arm-atollic-eabi/lib/armv7e-m/fpu\libc_nano.a(lib_a-nano-vfprintf_i.o)
 .rodata.sqrt.str1.1
                0x08008381        0x5 c:/program files (x86)/atollic/truestudio for stm32 9.3.0/armtools/bin/../lib/gcc/arm-atollic-eabi/6.3.1/../../../../arm-atollic-eabi/lib/armv7e-m/fpu\libm.a(lib_a-w_sqrt.o)
                0x08008388                . = ALIGN (0x4)
 *fill*         0x08008386        0x2 

.ARM.extab
 *(.ARM.extab* .gnu.linkonce.armextab.*)

.ARM            0x08008388        0x8
                0x08008388                __exidx_start = .
 *(.ARM.exidx*)
 .ARM.exidx     0x08008388        0x8 c:/program files (x86)/atollic/truestudio for stm32 9.3.0/armtools/bin/../lib/gcc/arm-atollic-eabi/6.3.1/armv7e-m/fpu\libgcc.a(_udivmoddi4.o)
                0x08008390                __exidx_end = .

.rel.dyn        0x08008390        0x0
 .rel.iplt      0x08008390        0x0 c:/program files (x86)/atollic/truestudio for stm32 9.3.0/armtools/bin/../lib/gcc/arm-atollic-eabi/6.3.1/armv7e-m/fpu/crtbegin.o

.preinit_array  0x08008390        0x0
                0x08008390                PROVIDE (__preinit_array_start, .)
 *(.preinit_array*)
                0x08008390                PROVIDE (__preinit_array_end, .)

.init_array     0x08008390        0x4
                0x08008390                PROVIDE (__init_array_start, .)
 *(SORT(.init_array.*))
 *(.init_array*)
 .init_array    0x08008390        0x4 c:/program files (x86)/atollic/truestudio for stm32 9.3.0/armtools/bin/../lib/gcc/arm-atollic-eabi/6.3.1/armv7e-m/fpu/crtbegin.o
                0x08008394                PROVIDE (__init_array_end, .)

.fini_array     0x08008394        0x4
                [!provide]                PROVIDE (__fini_array_start, .)
 *(SORT(.fini_array.*))
 *(.fini_array*)
 .fini_array    0x08008394        0x4 c:/program files (x86)/atollic/truestudio for stm32 9.3.0/armtools/bin/../lib/gcc/arm-atollic-eabi/6.3.1/armv7e-m/fpu/crtbegin.o
                [!provide]                PROVIDE (__fini_array_end, .)
                0x08008398                _sidata = LOADADDR (.data)

.data           0x20000000      0xa3c load address 0x08008398
                0x20000000                . = ALIGN (0x4)
                0x20000000                _sdata = .
 *(.data)
 *(.data*)
 .data.uwTickFreq
                0x20000000        0x1 Drivers\STM32F4xx_HAL_Driver\Src\stm32f4xx_hal.o
                0x20000000                uwTickFreq
 *fill*         0x20000001        0x3 
 .data.uwTickPrio
                0x20000004        0x4 Drivers\STM32F4xx_HAL_Driver\Src\stm32f4xx_hal.o
                0x20000004                uwTickPrio
 .data.c.10097  0x20000008        0x2 Src\User_Functions\command_processing.o
 .data.packet_string.9981
                0x2000000a      0x9c4 Src\User_Functions\command_processing.o
 .data.Rx_Buffer_size
                0x200009ce        0x1 Src\User_Functions\globals.o
                0x200009ce                Rx_Buffer_size
 *fill*         0x200009cf        0x1 
 .data.SystemCoreClock
                0x200009d0        0x4 Src\system_stm32f4xx.o
                0x200009d0                SystemCoreClock
 .data._impure_ptr
                0x200009d4        0x4 c:/program files (x86)/atollic/truestudio for stm32 9.3.0/armtools/bin/../lib/gcc/arm-atollic-eabi/6.3.1/../../../../arm-atollic-eabi/lib/armv7e-m/fpu\libc_nano.a(lib_a-impure.o)
                0x200009d4                _impure_ptr
 .data.impure_data
                0x200009d8       0x60 c:/program files (x86)/atollic/truestudio for stm32 9.3.0/armtools/bin/../lib/gcc/arm-atollic-eabi/6.3.1/../../../../arm-atollic-eabi/lib/armv7e-m/fpu\libc_nano.a(lib_a-impure.o)
 .data.__fdlib_version
                0x20000a38        0x1 c:/program files (x86)/atollic/truestudio for stm32 9.3.0/armtools/bin/../lib/gcc/arm-atollic-eabi/6.3.1/../../../../arm-atollic-eabi/lib/armv7e-m/fpu\libm.a(lib_a-s_lib_ver.o)
                0x20000a38                __fdlib_version
                0x20000a3c                . = ALIGN (0x4)
 *fill*         0x20000a39        0x3 
                0x20000a3c                _edata = .

.igot.plt       0x20000a3c        0x0 load address 0x08008dd4
 .igot.plt      0x20000a3c        0x0 c:/program files (x86)/atollic/truestudio for stm32 9.3.0/armtools/bin/../lib/gcc/arm-atollic-eabi/6.3.1/armv7e-m/fpu/crtbegin.o
                0x20000a3c                . = ALIGN (0x4)

.bss            0x20000a3c     0x13f4 load address 0x08008dd4
                0x20000a3c                _sbss = .
                0x20000a3c                __bss_start__ = _sbss
 *(.bss)
 .bss           0x20000a3c       0x1c c:/program files (x86)/atollic/truestudio for stm32 9.3.0/armtools/bin/../lib/gcc/arm-atollic-eabi/6.3.1/armv7e-m/fpu/crtbegin.o
 *(.bss*)
 .bss.k_encoder.9941
                0x20000a58        0x1 Src\User_Functions\Encoder_functions.o
 .bss.k_imu.9976
                0x20000a59        0x1 Src\User_Functions\IMU_functions.o
 .bss.N_IMU_Connected
                0x20000a5a        0x1 Src\User_Functions\globals.o
                0x20000a5a                N_IMU_Connected
 .bss.Rx_counter
                0x20000a5b        0x1 Src\User_Functions\globals.o
                0x20000a5b                Rx_counter
 .bss.change_ext_ref_flag
                0x20000a5c        0x1 Src\User_Functions\globals.o
                0x20000a5c                change_ext_ref_flag
 *fill*         0x20000a5d        0x1 
 .bss.check_aux_1
                0x20000a5e        0x2 Src\User_Functions\globals.o
                0x20000a5e                check_aux_1
 .bss.check_aux_2
                0x20000a60        0x2 Src\User_Functions\globals.o
                0x20000a60                check_aux_2
 .bss.check_aux_3
                0x20000a62        0x2 Src\User_Functions\globals.o
                0x20000a62                check_aux_3
 .bss.check_aux_4
                0x20000a64        0x2 Src\User_Functions\globals.o
                0x20000a64                check_aux_4
 .bss.check_aux_5
                0x20000a66        0x2 Src\User_Functions\globals.o
                0x20000a66                check_aux_5
 .bss.check_aux_6
                0x20000a68        0x2 Src\User_Functions\globals.o
                0x20000a68                check_aux_6
 .bss.check_aux_7
                0x20000a6a        0x2 Src\User_Functions\globals.o
                0x20000a6a                check_aux_7
 .bss.check_aux_8
                0x20000a6c        0x2 Src\User_Functions\globals.o
                0x20000a6c                check_aux_8
 .bss.encoder_aux_1
                0x20000a6e        0x2 Src\User_Functions\globals.o
                0x20000a6e                encoder_aux_1
 .bss.encoder_aux_2
                0x20000a70        0x2 Src\User_Functions\globals.o
                0x20000a70                encoder_aux_2
 .bss.encoder_aux_3
                0x20000a72        0x2 Src\User_Functions\globals.o
                0x20000a72                encoder_aux_3
 .bss.encoder_aux_4
                0x20000a74        0x2 Src\User_Functions\globals.o
                0x20000a74                encoder_aux_4
 .bss.encoder_aux_5
                0x20000a76        0x2 Src\User_Functions\globals.o
                0x20000a76                encoder_aux_5
 .bss.encoder_aux_6
                0x20000a78        0x2 Src\User_Functions\globals.o
                0x20000a78                encoder_aux_6
 .bss.encoder_aux_7
                0x20000a7a        0x2 Src\User_Functions\globals.o
                0x20000a7a                encoder_aux_7
 .bss.encoder_aux_8
                0x20000a7c        0x2 Src\User_Functions\globals.o
                0x20000a7c                encoder_aux_8
 .bss.interrupt_flag
                0x20000a7e        0x1 Src\User_Functions\globals.o
                0x20000a7e                interrupt_flag
 .bss.data_packet_buffer.9959
                0x20000a7f       0x80 Src\User_Functions\interruptions.o
 .bss.data_packet_index.9957
                0x20000aff        0x1 Src\User_Functions\interruptions.o
 .bss.data_packet_length.9958
                0x20000b00        0x1 Src\User_Functions\interruptions.o
 .bss.rx_data_type.9961
                0x20000b01        0x1 Src\User_Functions\interruptions.o
 .bss.rx_queue.9960
                0x20000b02        0x3 Src\User_Functions\interruptions.o
 .bss.state.9956
                0x20000b05        0x1 Src\User_Functions\interruptions.o
 *fill*         0x20000b06        0x2 
 .bss.__malloc_free_list
                0x20000b08        0x4 c:/program files (x86)/atollic/truestudio for stm32 9.3.0/armtools/bin/../lib/gcc/arm-atollic-eabi/6.3.1/../../../../arm-atollic-eabi/lib/armv7e-m/fpu\libc_nano.a(lib_a-nano-mallocr.o)
                0x20000b08                __malloc_free_list
 .bss.__malloc_sbrk_start
                0x20000b0c        0x4 c:/program files (x86)/atollic/truestudio for stm32 9.3.0/armtools/bin/../lib/gcc/arm-atollic-eabi/6.3.1/../../../../arm-atollic-eabi/lib/armv7e-m/fpu\libc_nano.a(lib_a-nano-mallocr.o)
                0x20000b0c                __malloc_sbrk_start
 .bss.heap_end.5239
                0x20000b10        0x4 c:/program files (x86)/atollic/truestudio for stm32 9.3.0/armtools/bin/../lib/gcc/arm-atollic-eabi/6.3.1/../../../../arm-atollic-eabi/lib/armv7e-m/fpu\libnosys.a(sbrk.o)
 *(COMMON)
 COMMON         0x20000b14        0x4 Drivers\STM32F4xx_HAL_Driver\Src\stm32f4xx_hal.o
                0x20000b14                uwTick
 COMMON         0x20000b18       0x20 Drivers\STM32F4xx_HAL_Driver\Src\stm32f4xx_hal_flash.o
                0x20000b18                pFlash
 COMMON         0x20000b38     0x125c Src\User_Functions\globals.o
                0x20000b38                mem_settings
                0x20000b4c                g_rx
                0x20000bd4                imus_data_size
                0x20000bd8                Encoder_connected
                0x20000bec                hspi2
                0x20000c44                ChipTemperature
                0x20000c45                Temp
                0x20000c6b                Rx_data
                0x20000c6c                timer_value0
                0x20000c70                IMU_connected
                0x20000c83                Encoder_Map
                0x20000c98                timer_value
                0x20000c9c                g_meas
                0x20000cd4                MagCal
                0x20000d10                hadc1
                0x20000d58                single_imu_size
                0x20000da4                hdma_hadc1
                0x20000e04                huart1
                0x20000e44                Accel
                0x20000eb6                ADCValues
                0x20000ec0                c_mem
                0x20001090                Mag
                0x20001104                sConfig_global
                0x20001114                g_ref
                0x20001124                g_refNew
                0x20001134                execution_time_ms
                0x20001138                g_measOld
                0x20001170                g_imuNew
                0x20001468                Encoder_Value
                0x20001588                hspi1
                0x200015e0                g_mem
                0x200017b0                g_refOld
                0x200017c0                Encoder_Check
                0x200018e0                execution_time_us
                0x200018e4                Rx_buffer
                0x200018f8                Gyro
                0x2000196a                N_Encoder_Connected
                0x2000196c                Quat
                0x20001a9c                g_imu
 COMMON         0x20001d94       0x98 Src\main.o
                0x20001d94                hspi3
                0x20001dec                huart5
 COMMON         0x20001e2c        0x4 c:/program files (x86)/atollic/truestudio for stm32 9.3.0/armtools/bin/../lib/gcc/arm-atollic-eabi/6.3.1/../../../../arm-atollic-eabi/lib/armv7e-m/fpu\libc_nano.a(lib_a-reent.o)
                0x20001e2c                errno
                0x20001e30                . = ALIGN (0x4)
                0x20001e30                _ebss = .
                0x20001e30                __bss_end__ = _ebss

._user_heap_stack
                0x20001e30      0x600 load address 0x08008dd4
                0x20001e30                . = ALIGN (0x4)
                0x20001e30                PROVIDE (end, .)
                [!provide]                PROVIDE (_end, .)
                0x20002030                . = (. + _Min_Heap_Size)
 *fill*         0x20001e30      0x200 
                0x20002430                . = (. + _Min_Stack_Size)
 *fill*         0x20002030      0x400 
                0x20002430                . = ALIGN (0x4)

/DISCARD/
 libc.a(*)
 libm.a(*)
 libgcc.a(*)

.ARM.attributes
                0x00000000       0x30
 *(.ARM.attributes)
 .ARM.attributes
                0x00000000       0x22 c:/program files (x86)/atollic/truestudio for stm32 9.3.0/armtools/bin/../lib/gcc/arm-atollic-eabi/6.3.1/armv7e-m/fpu/crti.o
 .ARM.attributes
                0x00000022       0x34 c:/program files (x86)/atollic/truestudio for stm32 9.3.0/armtools/bin/../lib/gcc/arm-atollic-eabi/6.3.1/armv7e-m/fpu/crtbegin.o
 .ARM.attributes
                0x00000056       0x39 Drivers\STM32F4xx_HAL_Driver\Src\stm32f4xx_hal.o
 .ARM.attributes
                0x0000008f       0x39 Drivers\STM32F4xx_HAL_Driver\Src\stm32f4xx_hal_adc.o
 .ARM.attributes
                0x000000c8       0x39 Drivers\STM32F4xx_HAL_Driver\Src\stm32f4xx_hal_cortex.o
 .ARM.attributes
                0x00000101       0x39 Drivers\STM32F4xx_HAL_Driver\Src\stm32f4xx_hal_dma.o
 .ARM.attributes
                0x0000013a       0x39 Drivers\STM32F4xx_HAL_Driver\Src\stm32f4xx_hal_flash.o
 .ARM.attributes
                0x00000173       0x39 Drivers\STM32F4xx_HAL_Driver\Src\stm32f4xx_hal_flash_ex.o
 .ARM.attributes
                0x000001ac       0x39 Drivers\STM32F4xx_HAL_Driver\Src\stm32f4xx_hal_gpio.o
 .ARM.attributes
                0x000001e5       0x39 Drivers\STM32F4xx_HAL_Driver\Src\stm32f4xx_hal_pwr_ex.o
 .ARM.attributes
                0x0000021e       0x39 Drivers\STM32F4xx_HAL_Driver\Src\stm32f4xx_hal_rcc.o
 .ARM.attributes
                0x00000257       0x39 Drivers\STM32F4xx_HAL_Driver\Src\stm32f4xx_hal_rcc_ex.o
 .ARM.attributes
                0x00000290       0x39 Drivers\STM32F4xx_HAL_Driver\Src\stm32f4xx_hal_spi.o
 .ARM.attributes
                0x000002c9       0x39 Drivers\STM32F4xx_HAL_Driver\Src\stm32f4xx_hal_uart.o
 .ARM.attributes
                0x00000302       0x39 Src\User_Functions\Encoder_functions.o
 .ARM.attributes
                0x0000033b       0x39 Src\User_Functions\IMU_functions.o
 .ARM.attributes
                0x00000374       0x39 Src\User_Functions\command_processing.o
 .ARM.attributes
                0x000003ad       0x39 Src\User_Functions\dwt_delay.o
 .ARM.attributes
                0x000003e6       0x39 Src\User_Functions\globals.o
 .ARM.attributes
                0x0000041f       0x39 Src\User_Functions\interruptions.o
 .ARM.attributes
                0x00000458       0x39 Src\User_Functions\utils.o
 .ARM.attributes
                0x00000491       0x39 Src\main.o
 .ARM.attributes
                0x000004ca       0x39 Src\stm32f4xx_hal_msp.o
 .ARM.attributes
                0x00000503       0x39 Src\stm32f4xx_it.o
 .ARM.attributes
                0x0000053c       0x39 Src\system_stm32f4xx.o
 .ARM.attributes
                0x00000575       0x21 startup\startup_stm32f446xx.o
 .ARM.attributes
                0x00000596       0x34 c:/program files (x86)/atollic/truestudio for stm32 9.3.0/armtools/bin/../lib/gcc/arm-atollic-eabi/6.3.1/../../../../arm-atollic-eabi/lib/armv7e-m/fpu\libc_nano.a(lib_a-init.o)
 .ARM.attributes
                0x000005ca       0x34 c:/program files (x86)/atollic/truestudio for stm32 9.3.0/armtools/bin/../lib/gcc/arm-atollic-eabi/6.3.1/../../../../arm-atollic-eabi/lib/armv7e-m/fpu\libc_nano.a(lib_a-memcpy-stub.o)
 .ARM.attributes
                0x000005fe       0x34 c:/program files (x86)/atollic/truestudio for stm32 9.3.0/armtools/bin/../lib/gcc/arm-atollic-eabi/6.3.1/../../../../arm-atollic-eabi/lib/armv7e-m/fpu\libc_nano.a(lib_a-memset.o)
 .ARM.attributes
                0x00000632       0x34 c:/program files (x86)/atollic/truestudio for stm32 9.3.0/armtools/bin/../lib/gcc/arm-atollic-eabi/6.3.1/../../../../arm-atollic-eabi/lib/armv7e-m/fpu\libc_nano.a(lib_a-sprintf.o)
 .ARM.attributes
                0x00000666       0x34 c:/program files (x86)/atollic/truestudio for stm32 9.3.0/armtools/bin/../lib/gcc/arm-atollic-eabi/6.3.1/../../../../arm-atollic-eabi/lib/armv7e-m/fpu\libc_nano.a(lib_a-strcat.o)
 .ARM.attributes
                0x0000069a       0x34 c:/program files (x86)/atollic/truestudio for stm32 9.3.0/armtools/bin/../lib/gcc/arm-atollic-eabi/6.3.1/../../../../arm-atollic-eabi/lib/armv7e-m/fpu\libc_nano.a(lib_a-strcpy.o)
 .ARM.attributes
                0x000006ce       0x1b c:/program files (x86)/atollic/truestudio for stm32 9.3.0/armtools/bin/../lib/gcc/arm-atollic-eabi/6.3.1/../../../../arm-atollic-eabi/lib/armv7e-m/fpu\libc_nano.a(lib_a-strlen.o)
 .ARM.attributes
                0x000006e9       0x34 c:/program files (x86)/atollic/truestudio for stm32 9.3.0/armtools/bin/../lib/gcc/arm-atollic-eabi/6.3.1/../../../../arm-atollic-eabi/lib/armv7e-m/fpu\libc_nano.a(lib_a-impure.o)
 .ARM.attributes
                0x0000071d       0x34 c:/program files (x86)/atollic/truestudio for stm32 9.3.0/armtools/bin/../lib/gcc/arm-atollic-eabi/6.3.1/../../../../arm-atollic-eabi/lib/armv7e-m/fpu\libc_nano.a(lib_a-nano-svfprintf.o)
 .ARM.attributes
                0x00000751       0x34 c:/program files (x86)/atollic/truestudio for stm32 9.3.0/armtools/bin/../lib/gcc/arm-atollic-eabi/6.3.1/../../../../arm-atollic-eabi/lib/armv7e-m/fpu\libc_nano.a(lib_a-nano-vfprintf_i.o)
 .ARM.attributes
                0x00000785       0x20 c:/program files (x86)/atollic/truestudio for stm32 9.3.0/armtools/bin/../lib/gcc/arm-atollic-eabi/6.3.1/../../../../arm-atollic-eabi/lib/armv7e-m/fpu\libc_nano.a(lib_a-memchr.o)
 .ARM.attributes
                0x000007a5       0x34 c:/program files (x86)/atollic/truestudio for stm32 9.3.0/armtools/bin/../lib/gcc/arm-atollic-eabi/6.3.1/../../../../arm-atollic-eabi/lib/armv7e-m/fpu\libc_nano.a(lib_a-memmove.o)
 .ARM.attributes
                0x000007d9       0x34 c:/program files (x86)/atollic/truestudio for stm32 9.3.0/armtools/bin/../lib/gcc/arm-atollic-eabi/6.3.1/../../../../arm-atollic-eabi/lib/armv7e-m/fpu\libc_nano.a(lib_a-nano-freer.o)
 .ARM.attributes
                0x0000080d       0x34 c:/program files (x86)/atollic/truestudio for stm32 9.3.0/armtools/bin/../lib/gcc/arm-atollic-eabi/6.3.1/../../../../arm-atollic-eabi/lib/armv7e-m/fpu\libc_nano.a(lib_a-nano-mallocr.o)
 .ARM.attributes
                0x00000841       0x34 c:/program files (x86)/atollic/truestudio for stm32 9.3.0/armtools/bin/../lib/gcc/arm-atollic-eabi/6.3.1/../../../../arm-atollic-eabi/lib/armv7e-m/fpu\libc_nano.a(lib_a-nano-reallocr.o)
 .ARM.attributes
                0x00000875       0x34 c:/program files (x86)/atollic/truestudio for stm32 9.3.0/armtools/bin/../lib/gcc/arm-atollic-eabi/6.3.1/../../../../arm-atollic-eabi/lib/armv7e-m/fpu\libc_nano.a(lib_a-sbrkr.o)
 .ARM.attributes
                0x000008a9       0x34 c:/program files (x86)/atollic/truestudio for stm32 9.3.0/armtools/bin/../lib/gcc/arm-atollic-eabi/6.3.1/../../../../arm-atollic-eabi/lib/armv7e-m/fpu\libc_nano.a(lib_a-mlock.o)
 .ARM.attributes
                0x000008dd       0x34 c:/program files (x86)/atollic/truestudio for stm32 9.3.0/armtools/bin/../lib/gcc/arm-atollic-eabi/6.3.1/../../../../arm-atollic-eabi/lib/armv7e-m/fpu\libc_nano.a(lib_a-nano-msizer.o)
 .ARM.attributes
                0x00000911       0x34 c:/program files (x86)/atollic/truestudio for stm32 9.3.0/armtools/bin/../lib/gcc/arm-atollic-eabi/6.3.1/../../../../arm-atollic-eabi/lib/armv7e-m/fpu\libc_nano.a(lib_a-reent.o)
 .ARM.attributes
                0x00000945       0x34 c:/program files (x86)/atollic/truestudio for stm32 9.3.0/armtools/bin/../lib/gcc/arm-atollic-eabi/6.3.1/../../../../arm-atollic-eabi/lib/armv7e-m/fpu\libm.a(lib_a-w_sqrt.o)
 .ARM.attributes
                0x00000979       0x34 c:/program files (x86)/atollic/truestudio for stm32 9.3.0/armtools/bin/../lib/gcc/arm-atollic-eabi/6.3.1/../../../../arm-atollic-eabi/lib/armv7e-m/fpu\libm.a(lib_a-e_sqrt.o)
 .ARM.attributes
                0x000009ad       0x34 c:/program files (x86)/atollic/truestudio for stm32 9.3.0/armtools/bin/../lib/gcc/arm-atollic-eabi/6.3.1/../../../../arm-atollic-eabi/lib/armv7e-m/fpu\libm.a(lib_a-s_lib_ver.o)
 .ARM.attributes
                0x000009e1       0x34 c:/program files (x86)/atollic/truestudio for stm32 9.3.0/armtools/bin/../lib/gcc/arm-atollic-eabi/6.3.1/../../../../arm-atollic-eabi/lib/armv7e-m/fpu\libm.a(lib_a-s_matherr.o)
 .ARM.attributes
                0x00000a15       0x34 c:/program files (x86)/atollic/truestudio for stm32 9.3.0/armtools/bin/../lib/gcc/arm-atollic-eabi/6.3.1/../../../../arm-atollic-eabi/lib/armv7e-m/fpu\libc_nano.a(lib_a-errno.o)
 .ARM.attributes
                0x00000a49       0x22 c:/program files (x86)/atollic/truestudio for stm32 9.3.0/armtools/bin/../lib/gcc/arm-atollic-eabi/6.3.1/armv7e-m/fpu\libgcc.a(_arm_addsubdf3.o)
 .ARM.attributes
                0x00000a6b       0x22 c:/program files (x86)/atollic/truestudio for stm32 9.3.0/armtools/bin/../lib/gcc/arm-atollic-eabi/6.3.1/armv7e-m/fpu\libgcc.a(_arm_muldivdf3.o)
 .ARM.attributes
                0x00000a8d       0x22 c:/program files (x86)/atollic/truestudio for stm32 9.3.0/armtools/bin/../lib/gcc/arm-atollic-eabi/6.3.1/armv7e-m/fpu\libgcc.a(_arm_cmpdf2.o)
 .ARM.attributes
                0x00000aaf       0x22 c:/program files (x86)/atollic/truestudio for stm32 9.3.0/armtools/bin/../lib/gcc/arm-atollic-eabi/6.3.1/armv7e-m/fpu\libgcc.a(_arm_unorddf2.o)
 .ARM.attributes
                0x00000ad1       0x22 c:/program files (x86)/atollic/truestudio for stm32 9.3.0/armtools/bin/../lib/gcc/arm-atollic-eabi/6.3.1/armv7e-m/fpu\libgcc.a(_arm_fixdfsi.o)
 .ARM.attributes
                0x00000af3       0x22 c:/program files (x86)/atollic/truestudio for stm32 9.3.0/armtools/bin/../lib/gcc/arm-atollic-eabi/6.3.1/armv7e-m/fpu\libgcc.a(_arm_fixunsdfsi.o)
 .ARM.attributes
                0x00000b15       0x22 c:/program files (x86)/atollic/truestudio for stm32 9.3.0/armtools/bin/../lib/gcc/arm-atollic-eabi/6.3.1/armv7e-m/fpu\libgcc.a(_arm_truncdfsf2.o)
 .ARM.attributes
                0x00000b37       0x22 c:/program files (x86)/atollic/truestudio for stm32 9.3.0/armtools/bin/../lib/gcc/arm-atollic-eabi/6.3.1/armv7e-m/fpu\libgcc.a(_aeabi_uldivmod.o)
 .ARM.attributes
                0x00000b59       0x34 c:/program files (x86)/atollic/truestudio for stm32 9.3.0/armtools/bin/../lib/gcc/arm-atollic-eabi/6.3.1/armv7e-m/fpu\libgcc.a(_udivmoddi4.o)
 .ARM.attributes
                0x00000b8d       0x22 c:/program files (x86)/atollic/truestudio for stm32 9.3.0/armtools/bin/../lib/gcc/arm-atollic-eabi/6.3.1/armv7e-m/fpu\libgcc.a(_dvmd_tls.o)
 .ARM.attributes
                0x00000baf       0x34 c:/program files (x86)/atollic/truestudio for stm32 9.3.0/armtools/bin/../lib/gcc/arm-atollic-eabi/6.3.1/../../../../arm-atollic-eabi/lib/armv7e-m/fpu\libnosys.a(sbrk.o)
 .ARM.attributes
                0x00000be3       0x22 c:/program files (x86)/atollic/truestudio for stm32 9.3.0/armtools/bin/../lib/gcc/arm-atollic-eabi/6.3.1/armv7e-m/fpu/crtn.o
OUTPUT(STM32_Firmware_TrueStudio.elf elf32-littlearm)

.comment        0x00000000       0x7c
 .comment       0x00000000       0x7c Drivers\STM32F4xx_HAL_Driver\Src\stm32f4xx_hal.o
                                 0x7d (size before relaxing)
 .comment       0x0000007c       0x7d Drivers\STM32F4xx_HAL_Driver\Src\stm32f4xx_hal_adc.o
 .comment       0x0000007c       0x7d Drivers\STM32F4xx_HAL_Driver\Src\stm32f4xx_hal_cortex.o
 .comment       0x0000007c       0x7d Drivers\STM32F4xx_HAL_Driver\Src\stm32f4xx_hal_dma.o
 .comment       0x0000007c       0x7d Drivers\STM32F4xx_HAL_Driver\Src\stm32f4xx_hal_flash.o
 .comment       0x0000007c       0x7d Drivers\STM32F4xx_HAL_Driver\Src\stm32f4xx_hal_flash_ex.o
 .comment       0x0000007c       0x7d Drivers\STM32F4xx_HAL_Driver\Src\stm32f4xx_hal_gpio.o
 .comment       0x0000007c       0x7d Drivers\STM32F4xx_HAL_Driver\Src\stm32f4xx_hal_pwr_ex.o
 .comment       0x0000007c       0x7d Drivers\STM32F4xx_HAL_Driver\Src\stm32f4xx_hal_rcc.o
 .comment       0x0000007c       0x7d Drivers\STM32F4xx_HAL_Driver\Src\stm32f4xx_hal_rcc_ex.o
 .comment       0x0000007c       0x7d Drivers\STM32F4xx_HAL_Driver\Src\stm32f4xx_hal_spi.o
 .comment       0x0000007c       0x7d Drivers\STM32F4xx_HAL_Driver\Src\stm32f4xx_hal_uart.o
 .comment       0x0000007c       0x7d Src\User_Functions\Encoder_functions.o
 .comment       0x0000007c       0x7d Src\User_Functions\IMU_functions.o
 .comment       0x0000007c       0x7d Src\User_Functions\command_processing.o
 .comment       0x0000007c       0x7d Src\User_Functions\dwt_delay.o
 .comment       0x0000007c       0x7d Src\User_Functions\globals.o
 .comment       0x0000007c       0x7d Src\User_Functions\interruptions.o
 .comment       0x0000007c       0x7d Src\User_Functions\utils.o
 .comment       0x0000007c       0x7d Src\main.o
 .comment       0x0000007c       0x7d Src\stm32f4xx_hal_msp.o
 .comment       0x0000007c       0x7d Src\stm32f4xx_it.o
 .comment       0x0000007c       0x7d Src\system_stm32f4xx.o

.debug_frame    0x00000000      0x744
 .debug_frame   0x00000000       0x2c c:/program files (x86)/atollic/truestudio for stm32 9.3.0/armtools/bin/../lib/gcc/arm-atollic-eabi/6.3.1/../../../../arm-atollic-eabi/lib/armv7e-m/fpu\libc_nano.a(lib_a-init.o)
 .debug_frame   0x0000002c       0x28 c:/program files (x86)/atollic/truestudio for stm32 9.3.0/armtools/bin/../lib/gcc/arm-atollic-eabi/6.3.1/../../../../arm-atollic-eabi/lib/armv7e-m/fpu\libc_nano.a(lib_a-memcpy-stub.o)
 .debug_frame   0x00000054       0x20 c:/program files (x86)/atollic/truestudio for stm32 9.3.0/armtools/bin/../lib/gcc/arm-atollic-eabi/6.3.1/../../../../arm-atollic-eabi/lib/armv7e-m/fpu\libc_nano.a(lib_a-memset.o)
 .debug_frame   0x00000074       0x70 c:/program files (x86)/atollic/truestudio for stm32 9.3.0/armtools/bin/../lib/gcc/arm-atollic-eabi/6.3.1/../../../../arm-atollic-eabi/lib/armv7e-m/fpu\libc_nano.a(lib_a-sprintf.o)
 .debug_frame   0x000000e4       0x28 c:/program files (x86)/atollic/truestudio for stm32 9.3.0/armtools/bin/../lib/gcc/arm-atollic-eabi/6.3.1/../../../../arm-atollic-eabi/lib/armv7e-m/fpu\libc_nano.a(lib_a-strcat.o)
 .debug_frame   0x0000010c       0x20 c:/program files (x86)/atollic/truestudio for stm32 9.3.0/armtools/bin/../lib/gcc/arm-atollic-eabi/6.3.1/../../../../arm-atollic-eabi/lib/armv7e-m/fpu\libc_nano.a(lib_a-strcpy.o)
 .debug_frame   0x0000012c       0x90 c:/program files (x86)/atollic/truestudio for stm32 9.3.0/armtools/bin/../lib/gcc/arm-atollic-eabi/6.3.1/../../../../arm-atollic-eabi/lib/armv7e-m/fpu\libc_nano.a(lib_a-nano-svfprintf.o)
 .debug_frame   0x000001bc       0x60 c:/program files (x86)/atollic/truestudio for stm32 9.3.0/armtools/bin/../lib/gcc/arm-atollic-eabi/6.3.1/../../../../arm-atollic-eabi/lib/armv7e-m/fpu\libc_nano.a(lib_a-nano-vfprintf_i.o)
 .debug_frame   0x0000021c       0x28 c:/program files (x86)/atollic/truestudio for stm32 9.3.0/armtools/bin/../lib/gcc/arm-atollic-eabi/6.3.1/../../../../arm-atollic-eabi/lib/armv7e-m/fpu\libc_nano.a(lib_a-memmove.o)
 .debug_frame   0x00000244       0x38 c:/program files (x86)/atollic/truestudio for stm32 9.3.0/armtools/bin/../lib/gcc/arm-atollic-eabi/6.3.1/../../../../arm-atollic-eabi/lib/armv7e-m/fpu\libc_nano.a(lib_a-nano-freer.o)
 .debug_frame   0x0000027c       0x2c c:/program files (x86)/atollic/truestudio for stm32 9.3.0/armtools/bin/../lib/gcc/arm-atollic-eabi/6.3.1/../../../../arm-atollic-eabi/lib/armv7e-m/fpu\libc_nano.a(lib_a-nano-mallocr.o)
 .debug_frame   0x000002a8       0x3c c:/program files (x86)/atollic/truestudio for stm32 9.3.0/armtools/bin/../lib/gcc/arm-atollic-eabi/6.3.1/../../../../arm-atollic-eabi/lib/armv7e-m/fpu\libc_nano.a(lib_a-nano-reallocr.o)
 .debug_frame   0x000002e4       0x2c c:/program files (x86)/atollic/truestudio for stm32 9.3.0/armtools/bin/../lib/gcc/arm-atollic-eabi/6.3.1/../../../../arm-atollic-eabi/lib/armv7e-m/fpu\libc_nano.a(lib_a-sbrkr.o)
 .debug_frame   0x00000310       0x30 c:/program files (x86)/atollic/truestudio for stm32 9.3.0/armtools/bin/../lib/gcc/arm-atollic-eabi/6.3.1/../../../../arm-atollic-eabi/lib/armv7e-m/fpu\libc_nano.a(lib_a-mlock.o)
 .debug_frame   0x00000340       0x20 c:/program files (x86)/atollic/truestudio for stm32 9.3.0/armtools/bin/../lib/gcc/arm-atollic-eabi/6.3.1/../../../../arm-atollic-eabi/lib/armv7e-m/fpu\libc_nano.a(lib_a-nano-msizer.o)
 .debug_frame   0x00000360       0x5c c:/program files (x86)/atollic/truestudio for stm32 9.3.0/armtools/bin/../lib/gcc/arm-atollic-eabi/6.3.1/../../../../arm-atollic-eabi/lib/armv7e-m/fpu\libc_nano.a(lib_a-reent.o)
 .debug_frame   0x000003bc       0x4c c:/program files (x86)/atollic/truestudio for stm32 9.3.0/armtools/bin/../lib/gcc/arm-atollic-eabi/6.3.1/../../../../arm-atollic-eabi/lib/armv7e-m/fpu\libm.a(lib_a-w_sqrt.o)
 .debug_frame   0x00000408       0x30 c:/program files (x86)/atollic/truestudio for stm32 9.3.0/armtools/bin/../lib/gcc/arm-atollic-eabi/6.3.1/../../../../arm-atollic-eabi/lib/armv7e-m/fpu\libm.a(lib_a-e_sqrt.o)
 .debug_frame   0x00000438       0x20 c:/program files (x86)/atollic/truestudio for stm32 9.3.0/armtools/bin/../lib/gcc/arm-atollic-eabi/6.3.1/../../../../arm-atollic-eabi/lib/armv7e-m/fpu\libm.a(lib_a-s_matherr.o)
 .debug_frame   0x00000458       0x20 c:/program files (x86)/atollic/truestudio for stm32 9.3.0/armtools/bin/../lib/gcc/arm-atollic-eabi/6.3.1/../../../../arm-atollic-eabi/lib/armv7e-m/fpu\libc_nano.a(lib_a-errno.o)
 .debug_frame   0x00000478       0xac c:/program files (x86)/atollic/truestudio for stm32 9.3.0/armtools/bin/../lib/gcc/arm-atollic-eabi/6.3.1/armv7e-m/fpu\libgcc.a(_arm_addsubdf3.o)
 .debug_frame   0x00000524       0x50 c:/program files (x86)/atollic/truestudio for stm32 9.3.0/armtools/bin/../lib/gcc/arm-atollic-eabi/6.3.1/armv7e-m/fpu\libgcc.a(_arm_muldivdf3.o)
 .debug_frame   0x00000574       0xc4 c:/program files (x86)/atollic/truestudio for stm32 9.3.0/armtools/bin/../lib/gcc/arm-atollic-eabi/6.3.1/armv7e-m/fpu\libgcc.a(_arm_cmpdf2.o)
 .debug_frame   0x00000638       0x20 c:/program files (x86)/atollic/truestudio for stm32 9.3.0/armtools/bin/../lib/gcc/arm-atollic-eabi/6.3.1/armv7e-m/fpu\libgcc.a(_arm_unorddf2.o)
 .debug_frame   0x00000658       0x24 c:/program files (x86)/atollic/truestudio for stm32 9.3.0/armtools/bin/../lib/gcc/arm-atollic-eabi/6.3.1/armv7e-m/fpu\libgcc.a(_arm_fixdfsi.o)
 .debug_frame   0x0000067c       0x24 c:/program files (x86)/atollic/truestudio for stm32 9.3.0/armtools/bin/../lib/gcc/arm-atollic-eabi/6.3.1/armv7e-m/fpu\libgcc.a(_arm_fixunsdfsi.o)
 .debug_frame   0x000006a0       0x24 c:/program files (x86)/atollic/truestudio for stm32 9.3.0/armtools/bin/../lib/gcc/arm-atollic-eabi/6.3.1/armv7e-m/fpu\libgcc.a(_arm_truncdfsf2.o)
 .debug_frame   0x000006c4       0x2c c:/program files (x86)/atollic/truestudio for stm32 9.3.0/armtools/bin/../lib/gcc/arm-atollic-eabi/6.3.1/armv7e-m/fpu\libgcc.a(_aeabi_uldivmod.o)
 .debug_frame   0x000006f0       0x34 c:/program files (x86)/atollic/truestudio for stm32 9.3.0/armtools/bin/../lib/gcc/arm-atollic-eabi/6.3.1/armv7e-m/fpu\libgcc.a(_udivmoddi4.o)
 .debug_frame   0x00000724       0x20 c:/program files (x86)/atollic/truestudio for stm32 9.3.0/armtools/bin/../lib/gcc/arm-atollic-eabi/6.3.1/../../../../arm-atollic-eabi/lib/armv7e-m/fpu\libnosys.a(sbrk.o)
